Unity Editor version:    6000.6.4f1 (12bfff696524)
Branch:                  6000.6/staging
Build type:              Release
Batch mode:              NO
macOS version:           Version 26.6.2 (Build 25G83)
Darwin version:          25.6.0
Architecture:            arm64
Running under Rosetta:   NO
Available memory:        16384 MB
Date:                    2026-10-06T01:20:15Z
VBCSCompilerPreWarmer: watching VBCSCompiler (PID 2470)
Launching external process: /Applications/Unity/Hub/Editor/6000.6.4f1/Unity.app/Contents/Helpers/UnityLicensingClient.app/Contents/MacOS/Unity.Licensing.Client
VBCSCompilerPreWarmer: pre-warm launched (dotnet PID 2472)
VBCSCompiler prewarm took 2.41 ms
[Licensing::Module] Trying to connect to existing licensing client channel...
[Licensing::IpcConnector] Channel LicenseClient-f2gomac doesn't exist
[Licensing::Module] Successfully launched the LicensingClient (PId: 2473)
Launching external process: /Applications/Unity/Hub/Editor/6000.6.4f1/Unity.app/Contents/Helpers/PackageManager/Server/UnityPackageManager

COMMAND LINE ARGUMENTS:
/Applications/Unity/Hub/Editor/6000.6.4f1/Unity.app/Contents/MacOS/Unity
-projectPath
/Users/f2gomac/Desktop/FPS-GAME
-executeMethod
Project.EditorTools.AutoPlayMainMenu.Enter
-logFile
/Users/f2gomac/Desktop/FPS-GAME/Tools/UnityVerify/editor_play.log
Successfully changed project path to: /Users/f2gomac/Desktop/FPS-GAME
/Users/f2gomac/Desktop/FPS-GAME
[UnityMemory] Configuration Parameters - Can be set up in boot.config
    "memorysetup-temp-allocator-size-gi-baking-worker=262144"
    "memorysetup-temp-allocator-size-gi-baking-worker=262144"
    "memorysetup-temp-allocator-size-gi-baking-worker=262144"
    "memorysetup-temp-allocator-size-gi-baking-worker=262144"
    "memorysetup-temp-allocator-size-gi-baking-worker=262144"
    "memorysetup-temp-allocator-size-nav-mesh-worker=65536"
    "memorysetup-temp-allocator-size-audio-worker=65536"
    "memorysetup-temp-allocator-size-cloud-worker=32768"
    "memorysetup-temp-allocator-size-preload-manager=33554432"
    "memorysetup-remapper-allocator-initial-capacity=32768"
    "memorysetup-temp-allocator-size-gfx=262144"
    "memorysetup-allocator-temp-initial-block-size-main=262144"
    "memorysetup-allocator-temp-initial-block-size-worker=262144"
    "memorysetup-temp-allocator-size-background-worker=32768"
    "memorysetup-temp-allocator-size-job-worker=262144"
    "memorysetup-bucket-allocator-granularity=16"
    "memorysetup-bucket-allocator-bucket-count=8"
    "memorysetup-bucket-allocator-block-size=33554432"
    "memorysetup-bucket-allocator-block-count=8"
    "memorysetup-main-allocator-block-size=16777216"
    "memorysetup-thread-allocator-block-size=16777216"
    "memorysetup-main-allocator-mimalloc-enabled=1"
    "memorysetup-gfx-main-allocator-block-size=16777216"
    "memorysetup-gfx-thread-allocator-block-size=16777216"
    "memorysetup-cache-allocator-block-size=4194304"
    "memorysetup-typetree-allocator-block-size=2097152"
    "memorysetup-profiler-bucket-allocator-granularity=16"
    "memorysetup-profiler-bucket-allocator-bucket-count=8"
    "memorysetup-profiler-bucket-allocator-block-size=33554432"
    "memorysetup-profiler-bucket-allocator-block-count=8"
    "memorysetup-profiler-allocator-block-size=16777216"
    "memorysetup-profiler-editor-allocator-block-size=1048576"
    "memorysetup-temp-allocator-size-main=16777216"
    "memorysetup-job-temp-allocator-block-size=2097152"
    "memorysetup-job-temp-allocator-block-size-background=1048576"
    "memorysetup-job-temp-allocator-reduction-small-platforms=262144"
[Licensing::IpcConnector] Successfully connected to: "LicenseClient-f2gomac" at "2026-10-06T01:20:15.579585Z"
Logging is directed to a specific file, skipping project log.
Player connection [8309662080]  Target information:

Player connection [8309662080]  * "[IP] 192.168.1.4 [Port] 55504 [Flags] 2 [Guid] 94022826 [EditorId] 94022826 [Version] 1048832 [Id] OSXEditor(0,192.168.1.4) [Debug] 1 [PackageName] OSXEditor [ProjectName] Editor" 

Player connection [8309662080]  * "[IP] 10.211.55.2 [Port] 55504 [Flags] 2 [Guid] 94022826 [EditorId] 94022826 [Version] 1048832 [Id] OSXEditor(0,192.168.1.4) [Debug] 1 [PackageName] OSXEditor [ProjectName] Editor" 

Player connection [8309662080]  * "[IP] 10.37.129.2 [Port] 55504 [Flags] 2 [Guid] 94022826 [EditorId] 94022826 [Version] 1048832 [Id] OSXEditor(0,192.168.1.4) [Debug] 1 [PackageName] OSXEditor [ProjectName] Editor" 

Player connection [8309662080] Host joined multi-casting on [225.0.0.222:54997]...
Player connection [8309662080] Host joined alternative multi-casting on [225.0.0.222:34997]...
Input System module state changed to: Initialized.
[Physics::Module] Initialized fallback backend.
[Physics::Module] Id: 0xdecafbad
[Package Manager] Connected to IPC stream "Upm-2466" after 0.1 seconds.
[Licensing::Module] Licensing is not yet initialized.
[Licensing::Client] Handshaking with LicensingClient:
  Version:                 1.18.3+d7ffd15
  Session Id:              2e2ff32bb2e945d0b81ac7298fb4dce3
  Correlation Id:          0642fa65f70f66910842f92cae620750
  External correlation Id: 6959696236789058961
  Machine Id:              N5wA6icxbnhbHWazitLENc7cwgY=
[Licensing::Module] Successfully connected to LicensingClient on channel: "LicenseClient-f2gomac" (connect: 0.17s, validation: 0.03s, handshake: 0.28s)
[Licensing::IpcConnector] Successfully connected to: "LicenseClient-f2gomac-notifications" at "2026-10-06T01:20:15.889256Z"
[Licensing::Module] Connected to LicensingClient (PId: 2473, launch time: 0.00, total connection time: 0.48s)
[Licensing::Module] Error: Access token is unavailable; failed to update
[Licensing::Client] Successfully resolved entitlement details
[Licensing::Module] License group:
  Id: 18968492814813-UnityPersXXXX
  Product: Unity Personal
  Type: Assigned
  Expiration: Unlimited
[Licensing::Client] Successfully updated license, isAsync: True, time: 0.01
[Licensing::Client] Successfully resolved entitlement details
[Licensing::Module] Licensing Background thread has ended after 0.49s
[Licensing::Module] Licensing is initialized (took 0.13s).
[Licensing::Client] Successfully resolved entitlement details
Library Redirect Path: Library/
[Warning] Acquired exclusive lock but discovered existing shared memory pool, destroying and reinitialising
Initialising UDS system complete:
  - System type: Client
  - Resource namespace: c3abdf221fc5d9fd33df3a582a8a25a4
  - Shared memory size: 1073741824
  - Command buffer id: 1052672
  - Command buffer size: 8192
  - Hashmap size: 4194304
  - Service connected: false
Launching Unity Data Store - /Applications/Unity/Hub/Editor/6000.6.4f1/Unity.app/Contents/Helpers/Unity.DataStore 
Unity Data Store artifact dir = Library/DataStore, working dir = /Users/f2gomac/Desktop/FPS-GAMEUnity Data Store running and initialised
[Physics::Module] Selected backend (deferred post-plugins).
[Physics::Module] Name: PhysX
[Physics::Module] Id: 0xf2b8ea05
[Physics::Module] SDK Version: 4.1.2
[Physics::Module] Integration Version: 1.0.0
[Physics::Module] Threading Mode: Multi-Threaded
Initialize engine version: 6000.6.4f1 (12bfff696524)
[EntityIdStore] init: VM path (explicit commit), pageSize=16384, blockCount=262144, entitiesPerBlock=1024, slots reserved=4294967296 bytes
[Subsystems] Discovering subsystems at path /Applications/Unity/Hub/Editor/6000.6.4f1/Unity.app/Contents/Resources/UnitySubsystems
[Subsystems] Discovering subsystems at path /Users/f2gomac/Desktop/FPS-GAME/Assets
GfxDevice: creating device client; kGfxThreadingModeThreaded
 preferred device: Apple M4 (high power)
Metal devices available: 1
0: Apple M4 (high power)
Using device Apple M4 (high power)
Initializing Metal device caps: Apple M4
Mac GPU Family: 2
Apple GPU Family: 9
MSL Version: 3.0
Has Float MSAA: 1
Has Float Filtering: 1
ReadWrite Texture Tier: 2
Initialize mono
Mono path[0] = '/Applications/Unity/Hub/Editor/6000.6.4f1/Unity.app/Contents/Resources/Scripting/Managed'
Mono path[1] = '/Applications/Unity/Hub/Editor/6000.6.4f1/Unity.app/Contents/Resources/Scripting/BCLExtensions/runtime/netstandard2.1'
Mono path[2] = '/Applications/Unity/Hub/Editor/6000.6.4f1/Unity.app/Contents/Resources/Scripting/MonoBleedingEdge/lib/mono/unityjit-macos'
Mono config path = '/Applications/Unity/Hub/Editor/6000.6.4f1/Unity.app/Contents/Resources/Scripting/MonoBleedingEdge/etc'
Using monoOptions --debugger-agent=transport=dt_socket,embedding=1,server=y,suspend=n,address=127.0.0.1:56466
CodeReloadManager initialized
ImportWorker Server TCP listen port: 0
AcceleratorClientConnectionCallback - disconnected - :0
Begin MonoManager ReloadAssembly
Registering precompiled unity dll's ...
Register platform support module: /Applications/Unity/Hub/Editor/6000.6.4f1/PlaybackEngines/WebGLSupport/UnityEditor.WebGL.Extensions.dll
Register platform support module: /Applications/Unity/Hub/Editor/6000.6.4f1/PlaybackEngines/MacStandaloneSupport/UnityEditor.OSXStandalone.Extensions.dll
Registered in 0.000305 seconds.
Native extension for OSXStandalone target not found
Native extension for WebGL target not found
Package Manager log level set to [2]
ScheduleIndexationOnStartup MainProcess:False IndexOnStartup:True
Scripting: successfully reloaded assembly
- Finished resetting the current domain, in  0.471 seconds
Domain Reload Profiling: 723ms
	BeginReloadAssembly (57ms)
		CreateAndSetChildDomain (17ms)
	RebuildCommonClasses (3ms)
	RebuildNativeTypeToScriptingClass (9ms)
	initialDomainReloadingComplete (25ms)
	LoadAllAssembliesAndSetupDomain (157ms)
		LoadAssemblies (39ms)
		TypeCache.Refresh (111ms)
			TypeCache.ScanAssembly (103ms)
		AnalyzeDomain (0ms)
	FinalizeReload (472ms)
		SetupLoadedEditorAssemblies (0ms)
			BeforeProcessingInitializeOnLoad (49ms)
			ProcessInitializeOnLoadAttributes (49ms)
			ProcessInitializeOnLoadMethodAttributes (269ms)
[Licensing::Client] Successfully resolved entitlement details
Application.AssetDatabase Initial Refresh Start
[Package Manager] Restoring resolved packages state from cache
[Licensing::Client] Successfully resolved entitlement details
[Package Manager] Registered 43 packages:
  Packages from [https://packages.unity.com]:
    com.unity.ai.assistant@2.20.0-pre.1 (location: /Users/f2gomac/Desktop/FPS-GAME/Library/PackageCache/com.unity.ai.assistant@ceb45b7b3ebd)
    com.unity.ai.inference@2.6.1 (location: /Users/f2gomac/Desktop/FPS-GAME/Library/PackageCache/com.unity.ai.inference@9a123aee5df7)
    com.unity.ai.navigation@2.0.14 (location: /Users/f2gomac/Desktop/FPS-GAME/Library/PackageCache/com.unity.ai.navigation@134dd6a3b97b)
    com.unity.ide.rider@3.0.38 (location: /Users/f2gomac/Desktop/FPS-GAME/Library/PackageCache/com.unity.ide.rider@1f60b3138684)
    com.unity.ide.visualstudio@2.0.26 (location: /Users/f2gomac/Desktop/FPS-GAME/Library/PackageCache/com.unity.ide.visualstudio@a99d56dec63f)
    com.unity.inputsystem@1.20.0 (location: /Users/f2gomac/Desktop/FPS-GAME/Library/PackageCache/com.unity.inputsystem@7a4e1a2a8194)
    com.unity.dt.app-ui@2.1.13 (location: /Users/f2gomac/Desktop/FPS-GAME/Library/PackageCache/com.unity.dt.app-ui@9d0f103f520a)
    com.unity.nuget.newtonsoft-json@3.2.2 (location: /Users/f2gomac/Desktop/FPS-GAME/Library/PackageCache/com.unity.nuget.newtonsoft-json@4dfd81071c64)
    com.unity.nuget.mono-cecil@1.11.6 (location: /Users/f2gomac/Desktop/FPS-GAME/Library/PackageCache/com.unity.nuget.mono-cecil@ecb9724e46ff)
    com.unity.searcher@4.9.5 (location: /Users/f2gomac/Desktop/FPS-GAME/Library/PackageCache/com.unity.searcher@a463122f2c00)
    com.unity.profiling.core@1.0.3 (location: /Users/f2gomac/Desktop/FPS-GAME/Library/PackageCache/com.unity.profiling.core@8a49f7027d06)
  Built-in packages:
    com.unity.render-pipelines.universal@17.6.0 (location: /Users/f2gomac/Desktop/FPS-GAME/Library/PackageCache/com.unity.render-pipelines.universal@b0678dfc9e21)
    com.unity.test-framework@1.8.0 (location: /Users/f2gomac/Desktop/FPS-GAME/Library/PackageCache/com.unity.test-framework@80f691d4262b)
    com.unity.ugui@2.6.0 (location: /Users/f2gomac/Desktop/FPS-GAME/Library/PackageCache/com.unity.ugui@0727b404f3a0)
    com.unity.modules.ai@1.0.0 (location: /Users/f2gomac/Desktop/FPS-GAME/Library/PackageCache/com.unity.modules.ai)
    com.unity.modules.animation@1.0.0 (location: /Users/f2gomac/Desktop/FPS-GAME/Library/PackageCache/com.unity.modules.animation)
    com.unity.modules.audio@1.0.0 (location: /Users/f2gomac/Desktop/FPS-GAME/Library/PackageCache/com.unity.modules.audio)
    com.unity.modules.imageconversion@1.0.0 (location: /Users/f2gomac/Desktop/FPS-GAME/Library/PackageCache/com.unity.modules.imageconversion)
    com.unity.modules.jsonserialize@1.0.0 (location: /Users/f2gomac/Desktop/FPS-GAME/Library/PackageCache/com.unity.modules.jsonserialize)
    com.unity.modules.particlesystem@1.0.0 (location: /Users/f2gomac/Desktop/FPS-GAME/Library/PackageCache/com.unity.modules.particlesystem)
    com.unity.modules.physics@1.0.0 (location: /Users/f2gomac/Desktop/FPS-GAME/Library/PackageCache/com.unity.modules.physics)
    com.unity.modules.physics2d@1.0.0 (location: /Users/f2gomac/Desktop/FPS-GAME/Library/PackageCache/com.unity.modules.physics2d)
    com.unity.modules.screencapture@1.0.0 (location: /Users/f2gomac/Desktop/FPS-GAME/Library/PackageCache/com.unity.modules.screencapture)
    com.unity.modules.terrain@1.0.0 (location: /Users/f2gomac/Desktop/FPS-GAME/Library/PackageCache/com.unity.modules.terrain)
    com.unity.modules.terrainphysics@1.0.0 (location: /Users/f2gomac/Desktop/FPS-GAME/Library/PackageCache/com.unity.modules.terrainphysics)
    com.unity.modules.ui@1.0.0 (location: /Users/f2gomac/Desktop/FPS-GAME/Library/PackageCache/com.unity.modules.ui)
    com.unity.modules.unitywebrequest@1.0.0 (location: /Users/f2gomac/Desktop/FPS-GAME/Library/PackageCache/com.unity.modules.unitywebrequest)
    com.unity.modules.video@1.0.0 (location: /Users/f2gomac/Desktop/FPS-GAME/Library/PackageCache/com.unity.modules.video)
    com.unity.modules.physicscore2d@1.0.0 (location: /Users/f2gomac/Desktop/FPS-GAME/Library/PackageCache/com.unity.modules.physicscore2d)
    com.unity.modules.imgui@1.0.0 (location: /Users/f2gomac/Desktop/FPS-GAME/Library/PackageCache/com.unity.modules.imgui)
    com.unity.ext.nunit@2.1.0 (location: /Users/f2gomac/Desktop/FPS-GAME/Library/PackageCache/com.unity.ext.nunit@0198eae3b53e)
    com.unity.render-pipelines.core@17.6.0 (location: /Users/f2gomac/Desktop/FPS-GAME/Library/PackageCache/com.unity.render-pipelines.core@285af6b8c83f)
    com.unity.shadergraph@17.6.0 (location: /Users/f2gomac/Desktop/FPS-GAME/Library/PackageCache/com.unity.shadergraph@58bcb150677d)
    com.unity.render-pipelines.universal-config@17.6.0 (location: /Users/f2gomac/Desktop/FPS-GAME/Library/PackageCache/com.unity.render-pipelines.universal-config@561422b74439)
    com.unity.modules.uielements@1.0.0 (location: /Users/f2gomac/Desktop/FPS-GAME/Library/PackageCache/com.unity.modules.uielements)
    com.unity.burst@2.0.0 (location: /Users/f2gomac/Desktop/FPS-GAME/Library/PackageCache/com.unity.burst@626e66ab421b)
    com.unity.collections@6.6.0 (location: /Users/f2gomac/Desktop/FPS-GAME/Library/PackageCache/com.unity.collections@10fff0607388)
    com.unity.2d.sprite@1.0.0 (location: /Users/f2gomac/Desktop/FPS-GAME/Library/PackageCache/com.unity.2d.sprite@752945c75a6f)
    com.unity.mathematics@1.4.0 (location: /Users/f2gomac/Desktop/FPS-GAME/Library/PackageCache/com.unity.mathematics@8306a64d0cd6)
    com.unity.graph-authoring@1.0.0 (location: /Users/f2gomac/Desktop/FPS-GAME/Library/PackageCache/com.unity.graph-authoring@cfd2588851ee)
    com.unity.modules.hierarchycore@1.0.0 (location: /Users/f2gomac/Desktop/FPS-GAME/Library/PackageCache/com.unity.modules.hierarchycore)
    com.unity.test-framework.performance@6.6.0 (location: /Users/f2gomac/Desktop/FPS-GAME/Library/PackageCache/com.unity.test-framework.performance@b6023decb532)
    com.unity.modules.androidjni@1.0.0 (location: /Users/f2gomac/Desktop/FPS-GAME/Library/PackageCache/com.unity.modules.androidjni)
[Subsystems] No new subsystems found in resolved package list.
[Package Manager] Done registering packages in 0.01 seconds
Starting: /Applications/Unity/Hub/Editor/6000.6.4f1/Unity.app/Contents/Resources/BuildPipeline/bee_backend --ipc --defer-dag-verification --dagfile="Library/Bee/200b0aE.dag" --continue-on-failure --profile="Library/Bee/backend1.traceevents" ScriptAssemblies
WorkingDir: /Users/f2gomac/Desktop/FPS-GAME
warn: Unity.ILPP.Runner.PostProcessingAssemblyLoadContext[0]
      Assembly system.runtime.interopservices.windowsruntime has duplicate hint path. Ignoring "/Applications/Unity/Hub/Editor/6000.6.4f1/Unity.app/Contents/Resources/Scripting/UnityReferenceAssemblies/unity-4.8-api/Facades/System.Runtime.InteropServices.WindowsRuntime.dll" in favor of "/Applications/Unity/Hub/Editor/6000.6.4f1/Unity.app/Contents/Resources/Scripting/NetStandard/Extensions/2.0.0/System.Runtime.InteropServices.WindowsRuntime.dll"
warn: Unity.ILPP.Runner.PostProcessingAssemblyLoadContext[0]
      Assembly system.componentmodel.composition has duplicate hint path. Ignoring "/Applications/Unity/Hub/Editor/6000.6.4f1/Unity.app/Contents/Resources/Scripting/UnityReferenceAssemblies/unity-4.8-api/System.ComponentModel.Composition.dll" in favor of "/Applications/Unity/Hub/Editor/6000.6.4f1/Unity.app/Contents/Resources/Scripting/NetStandard/compat/2.1.0/shims/netfx/System.ComponentModel.Composition.dll"
ExitCode: 0 Duration: 0s360ms
[1009/1379  0s] ILPP-Configuration Library/ilpp-configuration.nevergeneratedoutput
*** Tundra build success (0.35 seconds), 1 items updated, 1379 evaluated
AssetDatabase: script compilation time: 0.736948s
Begin MonoManager ReloadAssembly
Total cache size 253507556
Total cache size after purge 253507556, took 00:00:00.2034865
Symbol file LoadedFromMemory is not a mono symbol file
Symbol file LoadedFromMemory is not a mono symbol file
'Packages/com.unity.render-pipelines.core/Editor/Deprecated.cs' contains partial class of Unity.Object, exactly 1 of the partial classes needs to be in a file with the same filename. This is to know the one that can be referenced from ie. GameObjects
'Packages/com.unity.render-pipelines.core/Editor/Deprecated.cs' contains partial class of Unity.Object, exactly 1 of the partial classes needs to be in a file with the same filename. This is to know the one that can be referenced from ie. GameObjects
Refreshing native plugins compatible for Editor in 2.64 ms, found 1 plugins.
Native extension for OSXStandalone target not found
Native extension for WebGL target not found
[Licensing::Client] Error: Code 404 while processing request (status: Found 0 entitlement groups and 0 free entitlements matching requested entitlement ids)
ScheduleIndexationOnStartup MainProcess:True IndexOnStartup:True
Scripting: successfully reloaded assembly
- Finished resetting the current domain, in  0.989 seconds
Domain Reload Profiling: 1552ms
	BeginReloadAssembly (105ms)
		DisableScriptedObjects (11ms)
		CreateAndSetChildDomain (20ms)
	RebuildCommonClasses (5ms)
	RebuildNativeTypeToScriptingClass (9ms)
	initialDomainReloadingComplete (43ms)
	LoadAllAssembliesAndSetupDomain (402ms)
		LoadAssemblies (177ms)
		TypeCache.Refresh (157ms)
			TypeCache.ScanAssembly (144ms)
		AnalyzeDomain (32ms)
			BuildScriptInfoCaches (28ms)
			ResolveRequiredComponents (3ms)
	FinalizeReload (989ms)
		SetupLoadedEditorAssemblies (0ms)
			BeforeProcessingInitializeOnLoad (82ms)
			ProcessInitializeOnLoadAttributes (591ms)
			ProcessInitializeOnLoadMethodAttributes (99ms)
		AwakeInstancesAfterBackupRestoration (9ms)
Starting new worker id: 0 with log in /Users/f2gomac/Desktop/FPS-GAME/Logs/AssetImportWorkerHW0.log

Asset Pipeline Refresh (id=416cc87a5b0ba44869ba904b7c964d62): Total: 3.240 seconds - Initiated by InitialRefreshV2(ForceSynchronousImport)
	(Values over 0.05ms)
	Summary:
		Imports: total=0 (actual=0, local cache=0, cache server=0)
		Asset DB Process Time: managed=0 ms, native=1842 ms
		Asset DB Callback time: managed=21 ms, native=7 ms
		Scripting: domain reloads=1, domain reload time=593 ms, compile time=738 ms, other=35 ms
		Project Asset Count: scripts=1957, non-scripts=16987
		Asset File Changes: new=0, changed=0, moved=0, deleted=0
		Scan Filter Count: 1
	InvokePackagesCallback: 8.290ms
	ApplyChangesToAssetFolders: 0.163ms
	Scan: 558.792ms
	Collect global state as custom dependencies: 9.011ms
	CategorizeScriptCompilationAssets: 22.728ms
	ProcessAssetsWithTransientArtifactChanges: 39.835ms
	CategorizeAssets: 131.170ms
	CompileScripts: 738.008ms
	ImportOutOfDateAssets: 1002.326ms (995.329ms without children)
		UnloadImportedAssets: 2.892ms
		EnsureUptoDateAssetsAreRegisteredWithGuidPM: 1.662ms
		ImportSchedulerStart: 2.397ms
	PostProcessAllAssets: 21.877ms
		MonoPostProcessAllAssets: 21.845ms
			UniversalRenderPipelineGlobalSettingsPostprocessor.OnPostprocessAllAssets 7.418ms
			SyncVS.PostprocessSyncProject 4.254ms
			GraphRefreshPostprocessor.OnPostprocessAllAssets 0.931ms
			SpeedTree9Postprocessor.OnPostprocessAllAssets 0.815ms
			WindowAssetPostprocessingWatcher.OnPostprocessAllAssets 0.809ms
			AssetChangeDetector.OnPostprocessAllAssets 0.476ms
			EditModeScopePostprocessor.OnPostprocessAllAssets 0.439ms
			RenderPipelineGlobalSettingsPostprocessor.OnPostprocessAllAssets 0.306ms
			ShaderReflectionAssetPostProcessor.OnPostprocessAllAssets 0.265ms
			InputActionAssetPostprocessor.OnPostprocessAllAssets 0.125ms
			ReferencedClipsPostProcessor.OnPostprocessAllAssets 0.116ms
			TerrainToolbarOverlayPostProcessor.OnPostprocessAllAssets 0.099ms
			ProjectSettingsPostprocessor.OnPostprocessAllAssets 0.095ms
			AssetDatabaseCallbacks.OnPostprocessAllAssets 0.066ms
	UnloadStreamsBegin: 3.465ms
	PersistCurrentRevisions: 0.378ms
	GenerateScriptTypeHashes: 1.163ms
	GenerateScriptTypeSerializationHashes: 2.094ms
	Untracked: 701.905ms

Application.AssetDatabase Initial Refresh End
Shader Hidden/ChartRasterizerHardware is not supported: GPU does not support conservative rasterization
Launching external process: /Applications/Unity/Hub/Editor/6000.6.4f1/Unity.app/Contents/Helpers/UnityShaderCompiler
Launched and connected shader compiler UnityShaderCompiler after 0.03 seconds
Shader Hidden/ChartRasterizerHardware is not supported: GPU does not support conservative rasterization
Scanning for USB devices : 0.401ms
Initializing Unity extensions:
[MODES] ModeService[none].Initialize
[MODES] ModeService[none].LoadModes
[MODES] Loading mode Default (0) for mode-current-id-HAREKÂT
2026-10-06 04:20:20.874 Unity[2466:1585472] NSEventModifierFlagFunction specified to -setKeyEquivalentModifierMask: for item <NSMenuItem: 0x8acb77340 SDF, ke='Command-F12'>, but is only supported for system-provided menu items; will not be used
Unloading 86 Unused Serialized files (Serialized files now loaded: 0)
Unloading 8190 unused Assets / (18.0 MB). Loaded Objects now: 9278.
Memory consumption went from 344.1 MB to 326.2 MB.
Total: 19.502166 ms (FindLiveObjects: 0.490584 ms CreateObjectMapping: 0.136708 ms MarkObjects: 14.563500 ms  DeleteObjects: 4.196500 ms)

[LAYOUT] About to load UserSettings/Layouts/default-6000.dwlt, keepMainWindow=False
Worker ready: AssetImportWorkerHW0 0
[LAYOUT] About to save layout /Users/f2gomac/Desktop/FPS-GAME/UserSettings/Layouts/default-6000.dwlt
[LAYOUT] About to save layout /Users/f2gomac/Library/Preferences/Unity/Editor-5.x/Layouts/current/default-6000.dwlt
[MODES] ModeService[default].InitializeCurrentMode
[MODES] ModeService[default].RaiseModeChanged(default, default)
Opening scene 'Assets/_Project/Scenes/MainMenu.unity'
Unloading 6 Unused Serialized files (Serialized files now loaded: 0)
Loaded scene 'Assets/_Project/Scenes/MainMenu.unity'
	Deserialize:            0.732 ms
	Integration:            13.630 ms
	Integration of assets:  0.001 ms
	Thread Wait Time:       0.003 ms
	Total Operation Time:   14.366 ms
Unloading 1 unused Assets / (3.2 KB). Loaded Objects now: 9448.
Memory consumption went from 368.6 MB to 368.6 MB.
Total: 17.370792 ms (FindLiveObjects: 0.360708 ms CreateObjectMapping: 0.085417 ms MarkObjects: 16.803875 ms  DeleteObjects: 0.017208 ms)

[HAREKÂT] AutoPlay MainMenu
UnityEngine.Debug:ExtractStackTraceNoAlloc (byte*,int,string)
UnityEngine.StackTraceUtility:ExtractStackTrace () (at /Users/bokken/build/output/unity/unity/Runtime/Export/Scripting/StackTrace.cs:23)
UnityEngine.DebugLogHandler:Internal_Log (UnityEngine.LogType,UnityEngine.LogOption,string,UnityEngine.Object)
UnityEngine.DebugLogHandler:LogFormat (UnityEngine.LogType,UnityEngine.Object,string,object[])
UnityEngine.Logger:Log (UnityEngine.LogType,object)
UnityEngine.Debug:Log (object)
Project.EditorTools.AutoPlayMainMenu:Enter () (at Assets/_Project/Scripts/Editor/AutoPlayMainMenu.cs:40)

(Filename: Assets/_Project/Scripts/Editor/AutoPlayMainMenu.cs Line: 40)

Thread 0x44e307000 may have been prematurely finalized
[Project] Loading completed in 6.216 seconds
	Project init time: 				0.000 seconds
		Template init time: 		0.000 seconds
		Package Manager init time: 		0.000 seconds
		Asset Database init time: 		0.000 seconds
		Global illumination init time: 	0.000 seconds
		Assemblies load time: 			0.000 seconds
		Unity extensions init time: 	0.000 seconds
		Asset Database refresh time: 	0.000 seconds
	Scene opening time: 			0.000 seconds
##utp:{"type":"ProjectInfo","version":2,"phase":"Immediate","time":1791249621623,"processId":2466,"projectLoad":6.215553208,"projectInit":0.0,"templateInit":0.0,"packageManagerInit":0.0,"assetDatabaseInit":0.0,"globalIlluminationInit":0.0,"assembliesLoad":0.0,"unityExtensionsInit":0.0,"assetDatabaseRefresh":0.0,"sceneOpening":0.0}
##utp:{"type":"EditorInfo","version":2,"phase":"Immediate","time":1791249621623,"processId":2466,"editorVersion":"6000.6.4f1 (12bfff696524)","branch":"6000.6/staging","buildType":"Release","platform":"OSX"}
Subscribe to USB device events
Scanning for USB devices : 0.195ms
Reloading assemblies for play mode.
Reloading assemblies after forced synchronous recompile.
Begin MonoManager ReloadAssembly
Symbol file LoadedFromMemory is not a mono symbol file
Symbol file LoadedFromMemory is not a mono symbol file
2026-10-06 04:20:22.114 Unity[2466:1585472] [Warning] TouchGestureResponder was not found in the responder chain during removal.
'Packages/com.unity.render-pipelines.core/Editor/Deprecated.cs' contains partial class of Unity.Object, exactly 1 of the partial classes needs to be in a file with the same filename. This is to know the one that can be referenced from ie. GameObjects
'Packages/com.unity.render-pipelines.core/Editor/Deprecated.cs' contains partial class of Unity.Object, exactly 1 of the partial classes needs to be in a file with the same filename. This is to know the one that can be referenced from ie. GameObjects
Native extension for OSXStandalone target not found
Native extension for WebGL target not found
[Licensing::Client] Error: Code 404 while processing request (status: Found 0 entitlement groups and 0 free entitlements matching requested entitlement ids)
ScheduleIndexationOnStartup MainProcess:True IndexOnStartup:True
[MODES] ModeService[none].Initialize
[MODES] ModeService[none].LoadModes
Scripting: successfully reloaded assembly
- Finished resetting the current domain, in  1.172 seconds
Domain Reload Profiling: 1604ms
	BeginReloadAssembly (257ms)
		DisableScriptedObjects (35ms)
		CreateAndSetChildDomain (141ms)
	RebuildCommonClasses (5ms)
	RebuildNativeTypeToScriptingClass (9ms)
	initialDomainReloadingComplete (36ms)
	LoadAllAssembliesAndSetupDomain (124ms)
		LoadAssemblies (64ms)
		TypeCache.Refresh (6ms)
		AnalyzeDomain (6ms)
			ResolveRequiredComponents (4ms)
	FinalizeReload (1172ms)
		SetupLoadedEditorAssemblies (0ms)
			BeforeProcessingInitializeOnLoad (82ms)
			ProcessInitializeOnLoadAttributes (361ms)
			ProcessInitializeOnLoadMethodAttributes (141ms)
		AwakeInstancesAfterBackupRestoration (365ms)
No restricted APIs configured; Validation skipped.
Checking 23 assemblies for restricted APIs found 0 usage(s) in 2 ms

Asset Pipeline Refresh (id=a427de98c6c704ec2b2adc54f534cac2): Total: 2.819 seconds - Initiated by StopAssetImportingV2(ForceSynchronousImport | ForceDomainReload)
	(Values over 0.05ms)
	Summary:
		Imports: total=0 (actual=0, local cache=0, cache server=0)
		Asset DB Process Time: managed=0 ms, native=1474 ms
		Asset DB Callback time: managed=743 ms, native=149 ms
		Scripting: domain reloads=1, domain reload time=450 ms, compile time=1 ms, other=0 ms
		Project Asset Count: scripts=1957, non-scripts=16987
		Asset File Changes: new=0, changed=0, moved=0, deleted=0
		Scan Filter Count: 0
	InvokePackagesCallback: 0.594ms
	ApplyChangesToAssetFolders: 0.134ms
	Collect global state as custom dependencies: 1.461ms
	ProcessAssetsWithTransientArtifactChanges: 113.435ms
	CategorizeAssets: 132.681ms
	CompileScripts: 0.976ms
	ImportOutOfDateAssets: 1180.182ms (1176.801ms without children)
		CollectScriptTypesHashes: 1.064ms
		ReloadNativeAssets: 0.599ms
		UnloadImportedAssets: 0.968ms
		EnsureUptoDateAssetsAreRegisteredWithGuidPM: 1.583ms
		ImportSchedulerStart: 0.209ms
	PostProcessAllAssets: 886.423ms
		AssemblyValidation.PostprocessAllAssets 36.575ms
		PostProcessCallbackCreateDeferredMaterials 14.253ms
		RaytracingShaderImportPostprocess 10.458ms
		ShaderAssetModifiedCallback 9.755ms
		ComputeShaderImportPostprocess 9.487ms
		SpeedTreeImporter.PostprocessAllAssets 8.708ms
		BlockShaderImporter.PostprocessAllAssets 3.826ms
		LocalizationDatabase.AssetDatabasePostprocessCallback 3.529ms
		XRBuildSystem.XRAssetImported 0.128ms
		MonoPostProcessAllAssets: 742.171ms
			SyncVS.PostprocessSyncProject 167.506ms
			ShaderGraphAssetPostProcessor.OnPostprocessAllAssets 137.202ms
			AssetPostprocessor.OnPostprocessAllAssets 90.181ms
			PostProcessor.OnPostprocessAllAssets 32.542ms
			MaterialPostprocessor.OnPostprocessAllAssets 22.654ms
			InputActionJsonNameModifierAssetProcessor.OnPostprocessAllAssets 22.541ms
			InputActionAssetPostprocessor.OnPostprocessAllAssets 22.505ms
			AssetReferenceReimportMonitor.OnPostprocessAllAssets 20.892ms
			TextAssetPostProcessor.OnPostprocessAllAssets 18.603ms
			SpriteSlicePostprocessor.OnPostprocessAllAssets 16.474ms
			AssetChangedListener.OnPostprocessAllAssets 9.463ms
			UniversalRenderPipelineGlobalSettingsPostprocessor.OnPostprocessAllAssets 7.884ms
			BuilderAssetPostprocessor.OnPostprocessAllAssets 3.708ms
			RenderPipelineGlobalSettingsPostprocessor.OnPostprocessAllAssets 2.937ms
			SpeedTree9Postprocessor.OnPostprocessAllAssets 2.101ms
			GraphRefreshPostprocessor.OnPostprocessAllAssets 1.152ms
			RetainedModeAssetPostprocessor.OnPostprocessAllAssets 1.078ms
			WindowAssetPostprocessingWatcher.OnPostprocessAllAssets 0.898ms
			SkillsProjectAssetPostprocessor.OnPostprocessAllAssets 0.561ms
			AssetChangeDetector.OnPostprocessAllAssets 0.545ms
			SpriteEditorTexturePostprocessor.OnPostprocessAllAssets 0.394ms
			ShaderReflectionAssetPostProcessor.OnPostprocessAllAssets 0.387ms
			ThemePostprocessor.OnPostprocessAllAssets 0.357ms
			StyleCatalogPostProcessor.OnPostprocessAllAssets 0.315ms
			ProjectSettingsPostprocessor.OnPostprocessAllAssets 0.306ms
			ArtifactBrowserPostProcessor.OnPostprocessAllAssets 0.272ms
			SpeedTreePostProcessor.OnPostprocessAllAssets 0.225ms
			TMPro_TexturePostProcessor.OnPostprocessAllAssets 0.174ms
			ModelAssetProcessor.OnPostprocessAllAssets 0.173ms
			AudioMixerPostprocessor.OnPostprocessAllAssets 0.166ms
			EditModeScopePostprocessor.OnPostprocessAllAssets 0.147ms
			ReferencedClipsPostProcessor.OnPostprocessAllAssets 0.137ms
			AssetEvents.OnPostprocessAllAssets 0.111ms
			TerrainToolbarOverlayPostProcessor.OnPostprocessAllAssets 0.072ms
			AssetDatabaseCallbacks.OnPostprocessAllAssets 0.054ms
			ConfigAssetsTracker.OnPostprocessAllAssets 0.053ms
	PostAssetChangesProfiler: 6.154ms
	GatherAllCurrentPrimaryImportResultRevisions: 0.324ms
	UnloadStreamsBegin: 0.605ms
	PersistCurrentRevisions: 0.373ms
	GenerateScriptTypeHashes: 2.125ms
	GenerateScriptTypeSerializationHashes: 3.707ms
	Untracked: 492.001ms

Loaded scene 'Temp/__Backupscenes/0.backup'
	Deserialize:            0.318 ms
	Integration:            434.210 ms
	Integration of assets:  0.001 ms
	Thread Wait Time:       0.004 ms
	Total Operation Time:   434.532 ms
Your project uses a scriptable render pipeline. You can use Camera.layerCullSpherical only with the built-in renderer.
UnityEngine.Debug:ExtractStackTraceNoAlloc (byte*,int,string)
UnityEngine.StackTraceUtility:ExtractStackTrace () (at /Users/bokken/build/output/unity/unity/Runtime/Export/Scripting/StackTrace.cs:23)
UnityEngine.DebugLogHandler:Internal_Log (UnityEngine.LogType,UnityEngine.LogOption,string,UnityEngine.Object)
UnityEngine.DebugLogHandler:LogFormat (UnityEngine.LogType,UnityEngine.Object,string,object[])
UnityEngine.Logger:Log (UnityEngine.LogType,object)
UnityEngine.Debug:LogWarning (object)
UnityEngine.Camera:set_layerCullSpherical (bool) (at /Users/bokken/build/output/unity/unity/Runtime/Export/Camera/Camera.bindings.cs:87)
Project.Infrastructure.Rendering.PerformanceProfile:ApplyToCamera (UnityEngine.Camera,int) (at Assets/_Project/Scripts/Infrastructure/Rendering/PerformanceProfile.cs:62)
Project.Infrastructure.Rendering.CameraRig:ConfigureWorldCamera (UnityEngine.Camera,single) (at Assets/_Project/Scripts/Infrastructure/Rendering/CameraRig.cs:329)
Project.Infrastructure.Rendering.CameraRig:Create (UnityEngine.Transform,single,bool) (at Assets/_Project/Scripts/Infrastructure/Rendering/CameraRig.cs:64)
Project.Presentation.UI.MenuBackdrop:BuildCamera () (at Assets/_Project/Scripts/Presentation/UI/MenuBackdrop.cs:238)
Project.Presentation.UI.MenuBackdrop:Step (System.Action,string) (at Assets/_Project/Scripts/Presentation/UI/MenuBackdrop.cs:222)
Project.Presentation.UI.MenuBackdrop:Build () (at Assets/_Project/Scripts/Presentation/UI/MenuBackdrop.cs:210)
Project.Presentation.UI.MenuBackdrop:Create (UnityEngine.Transform) (at Assets/_Project/Scripts/Presentation/UI/MenuBackdrop.cs:129)
Project.Presentation.Bootstrap.MainMenuBootstrap/<>c:<Start>b__8_0 () (at Assets/_Project/Scripts/Presentation/Bootstrap/MainMenuBootstrap.cs:59)
Project.Presentation.Bootstrap.BootstrapUtility:Try<Project.Presentation.UI.MenuBackdrop> (System.Func`1<Project.Presentation.UI.MenuBackdrop>,string) (at Assets/_Project/Scripts/Presentation/Bootstrap/BootstrapUtility.cs:236)
Project.Presentation.Bootstrap.MainMenuBootstrap:Start () (at Assets/_Project/Scripts/Presentation/Bootstrap/MainMenuBootstrap.cs:59)

(Filename: /Users/bokken/build/output/unity/unity/Runtime/Export/Camera/Camera.bindings.cs Line: 87)

Invalid worldAABB. Object is too large or too far away from the origin.
Invalid worldAABB. Object is too large or too far away from the origin.
Invalid worldAABB. Object is too large or too far away from the origin.
Invalid worldAABB. Object is too large or too far away from the origin.
Launching external process: /Applications/Unity/Hub/Editor/6000.6.4f1/Unity.app/Contents/Helpers/UnityShaderCompiler
Launching external process: /Applications/Unity/Hub/Editor/6000.6.4f1/Unity.app/Contents/Helpers/UnityShaderCompiler
Launching external process: /Applications/Unity/Hub/Editor/6000.6.4f1/Unity.app/Contents/Helpers/UnityShaderCompiler
The GPU Resident Drawer requires the "BatchRendererGroup Variants" setting to be "Keep All". The current setting will cause errors when building a player because all DOTS instancing shaders will be stripped. To fix, modify Graphics settings and set "BatchRendererGroup Variants" to "Keep All".
UnityEngine.Debug:ExtractStackTraceNoAlloc (byte*,int,string)
UnityEngine.StackTraceUtility:ExtractStackTrace () (at /Users/bokken/build/output/unity/unity/Runtime/Export/Scripting/StackTrace.cs:23)
UnityEngine.DebugLogHandler:Internal_Log (UnityEngine.LogType,UnityEngine.LogOption,string,UnityEngine.Object)
UnityEngine.DebugLogHandler:LogFormat (UnityEngine.LogType,UnityEngine.Object,string,object[])
UnityEngine.Logger:Log (UnityEngine.LogType,object)
UnityEngine.Debug:LogWarning (object)
UnityEngine.Rendering.GPUResidentDrawer:LogMessage (string,UnityEngine.LogType) (at ./Library/PackageCache/com.unity.render-pipelines.core@285af6b8c83f/Runtime/GPUDriven/GPUResidentDrawer.Validator.cs:122)
UnityEngine.Rendering.GPUResidentDrawer:Recreate (UnityEngine.Rendering.GPUResidentDrawerSettings) (at ./Library/PackageCache/com.unity.render-pipelines.core@285af6b8c83f/Runtime/GPUDriven/GPUResidentDrawer.cs:395)
UnityEngine.Rendering.GPUResidentDrawer:Reinitialize () (at ./Library/PackageCache/com.unity.render-pipelines.core@285af6b8c83f/Runtime/GPUDriven/GPUResidentDrawer.cs:342)
UnityEngine.Rendering.IGPUResidentRenderPipeline:ReinitializeGPUResidentDrawer () (at ./Library/PackageCache/com.unity.render-pipelines.core@285af6b8c83f/Runtime/GPUDriven/IGPUResidentRenderPipeline.cs:100)
UnityEngine.Rendering.Universal.UniversalRenderPipelineAsset:CreatePipeline () (at ./Library/PackageCache/com.unity.render-pipelines.universal@b0678dfc9e21/Runtime/Data/UniversalRenderPipelineAsset.cs:811)
UnityEngine.Rendering.RenderPipelineAsset:InternalCreatePipeline () (at /Users/bokken/build/output/unity/unity/Runtime/Export/RenderPipeline/RenderPipelineAsset.cs:15)
UnityEngine.Rendering.RenderPipelineManager:TryPrepareRenderPipeline (UnityEngine.Rendering.RenderPipelineAsset) (at /Users/bokken/build/output/unity/unity/Runtime/Export/RenderPipeline/RenderPipelineManager.cs:172)
UnityEngine.Rendering.RenderPipelineManager:DoRenderLoop_Internal (UnityEngine.Rendering.RenderPipelineAsset,intptr,object,Unity.Collections.LowLevel.Unsafe.AtomicSafetyHandle) (at /Users/bokken/build/output/unity/unity/Runtime/Export/RenderPipeline/RenderPipelineManager.cs:146)
UnityEditor.EditorGUIUtility:RenderPlayModeViewCamerasInternal (UnityEngine.RenderTexture,int,UnityEngine.Vector2,bool,bool)
UnityEditor.PlayModeView:RenderView (UnityEngine.Vector2,bool) (at /Users/bokken/build/output/unity/unity/Editor/Mono/PlayModeView/PlayModeView.cs:249)
UnityEditor.GameView:OnGUI () (at /Users/bokken/build/output/unity/unity/Editor/Mono/GameView/GameView.cs:1062)
UnityEditor.HostView:InvokeOnGUI (UnityEngine.Rect) (at /Users/bokken/build/output/unity/unity/Editor/Mono/HostView.cs:522)
UnityEditor.DockArea:DrawView (UnityEngine.Rect) (at /Users/bokken/build/output/unity/unity/Editor/Mono/GUI/DockArea.cs:411)
UnityEditor.DockArea:OldOnGUI () (at /Users/bokken/build/output/unity/unity/Editor/Mono/GUI/DockArea.cs:402)
UnityEngine.UIElements.IMGUIContainer:DoOnGUI (UnityEngine.Event,UnityEngine.Matrix4x4,UnityEngine.Rect,bool,UnityEngine.Rect,System.Action,bool) (at /Users/bokken/build/output/unity/unity/Modules/UIElements/Core/IMGUIContainer.cs:387)
UnityEngine.UIElements.IMGUIContainer:HandleIMGUIEvent (UnityEngine.Event,UnityEngine.Matrix4x4,UnityEngine.Rect,System.Action,bool) (at /Users/bokken/build/output/unity/unity/Modules/UIElements/Core/IMGUIContainer.cs:716)
UnityEngine.UIElements.IMGUIContainer:DoIMGUIRepaint () (at /Users/bokken/build/output/unity/unity/Modules/UIElements/Core/IMGUIContainer.cs:573)
UnityEngine.UIElements.UIR.RenderChainCommand:ExecuteNonDrawMesh (UnityEngine.UIElements.UIR.DrawParams,System.Exception&) (at /Users/bokken/build/output/unity/unity/Modules/UIElements/Core/Renderer/UIRenderer/UIRenderers.cs:186)
UnityEngine.UIElements.UIR.UIRenderDevice:EvaluateChain (UnityEngine.UIElements.UIR.RenderChainCommand,UnityEngine.Material,UnityEngine.Texture,UnityEngine.UIElements.UIR.ShaderInfoAllocator,System.Nullable`1<UnityEngine.Rect>,UnityEngine.Rect,single,bool,UnityEngine.UIElements.TextureSlotCount,bool,System.Exception&,UnityEngine.UIElements.BaseVisualElementPanel) (at /Users/bokken/build/output/unity/unity/Modules/UIElements/Core/Renderer/UIRenderer/UIRenderDevice.cs:983)
UnityEngine.UIElements.UIR.RenderTreeManager:RenderSingleTree (UnityEngine.UIElements.UIR.RenderTree,UnityEngine.RenderTexture,UnityEngine.RectInt,UnityEngine.Rect) (at /Users/bokken/build/output/unity/unity/Modules/UIElements/Core/Renderer/UIRRenderTreeManager.cs:604)
UnityEngine.UIElements.UIR.RenderTreeManager:RenderRootTree () (at /Users/bokken/build/output/unity/unity/Modules/UIElements/Core/Renderer/UIRRenderTreeManager.cs:549)
UnityEngine.UIElements.UIRRepaintUpdater:Render () (at /Users/bokken/build/output/unity/unity/Modules/UIElements/Core/Renderer/UIRRepaintUpdater.cs:160)
UnityEngine.UIElements.BaseVisualElementPanel:Render () (at /Users/bokken/build/output/unity/unity/Modules/UIElements/Core/Panel.cs:1040)
UnityEngine.UIElements.Panel:Render () (at /Users/bokken/build/output/unity/unity/Modules/UIElements/Core/Panel.cs:1851)
UnityEditor.UIElements.EditorEventDispatchUtility:DoDispatch (UnityEngine.UIElements.BaseVisualElementPanel,UnityEngine.Event) (at /Users/bokken/build/output/unity/unity/Modules/UIElementsEditor/EditorEventDispatchUtility.cs:62)
UnityEditor.UIElements.DefaultWindowBackend:ProcessEvent (UnityEngine.Event) (at /Users/bokken/build/output/unity/unity/Modules/UIElementsEditor/WindowBackends/DefaultWindowBackend.cs:114)
UnityEditor.GUIView:ProcessEvent (UnityEngine.EntityId,intptr,bool&) (at /Users/bokken/build/output/unity/unity/Editor/Mono/GUIView.cs:70)

(Filename: ./Library/PackageCache/com.unity.render-pipelines.core@285af6b8c83f/Runtime/GPUDriven/GPUResidentDrawer.Validator.cs Line: 122)

Launched and connected shader compiler UnityShaderCompiler after 0.01 seconds
Invalid AABB a
Invalid AABB a
Invalid AABB a
Invalid AABB a
Launched and connected shader compiler UnityShaderCompiler after 0.01 seconds
Launched and connected shader compiler UnityShaderCompiler after 0.01 seconds
Mesh 'HK_MenuRidge_Sırt1': abnormal mesh bounds - most likely it has some invalid vertices (+/-inifinity or NANs) due to errors exporting.
Mesh bounds min=(-380.00, nan, 103.00), max=(380.00, nan, 173.00). Please make sure the mesh is exported without any errors.
UnityEngine.Debug:ExtractStackTraceNoAlloc (byte*,int,string)
UnityEngine.StackTraceUtility:ExtractStackTrace () (at /Users/bokken/build/output/unity/unity/Runtime/Export/Scripting/StackTrace.cs:23)
UnityEngine.Rendering.ScriptableRenderContext:Internal_Cull (UnityEngine.Rendering.ScriptableCullingParameters&,UnityEngine.Rendering.ScriptableRenderContext,intptr)
UnityEngine.Rendering.ScriptableRenderContext:Cull (UnityEngine.Rendering.ScriptableCullingParameters&) (at /Users/bokken/build/output/unity/unity/Runtime/Export/RenderPipeline/ScriptableRenderContext.cs:315)
UnityEngine.Rendering.Universal.UniversalRenderPipeline:RenderSingleCamera (UnityEngine.Rendering.ScriptableRenderContext,UnityEngine.Rendering.Universal.UniversalCameraData) (at ./Library/PackageCache/com.unity.render-pipelines.universal@b0678dfc9e21/Runtime/UniversalRenderPipeline.cs:1026)
UnityEngine.Rendering.Universal.UniversalRenderPipeline:RenderCameraStack (UnityEngine.Rendering.ScriptableRenderContext,UnityEngine.Camera,bool) (at ./Library/PackageCache/com.unity.render-pipelines.universal@b0678dfc9e21/Runtime/UniversalRenderPipeline.cs:1275)
UnityEngine.Rendering.Universal.UniversalRenderPipeline:Render (UnityEngine.Rendering.ScriptableRenderContext,System.Collections.Generic.List`1<UnityEngine.Camera>) (at ./Library/PackageCache/com.unity.render-pipelines.universal@b0678dfc9e21/Runtime/UniversalRenderPipeline.cs:629)
UnityEngine.Rendering.RenderPipeline:InternalRender (UnityEngine.Rendering.ScriptableRenderContext,System.Collections.Generic.List`1<UnityEngine.Camera>) (at /Users/bokken/build/output/unity/unity/Runtime/Export/RenderPipeline/RenderPipeline.cs:58)
UnityEngine.Rendering.RenderPipelineManager:DoRenderLoop_Internal (UnityEngine.Rendering.RenderPipelineAsset,intptr,object,Unity.Collections.LowLevel.Unsafe.AtomicSafetyHandle) (at /Users/bokken/build/output/unity/unity/Runtime/Export/RenderPipeline/RenderPipelineManager.cs:159)
UnityEditor.EditorGUIUtility:RenderPlayModeViewCamerasInternal (UnityEngine.RenderTexture,int,UnityEngine.Vector2,bool,bool)
UnityEditor.PlayModeView:RenderView (UnityEngine.Vector2,bool) (at /Users/bokken/build/output/unity/unity/Editor/Mono/PlayModeView/PlayModeView.cs:249)
UnityEditor.GameView:OnGUI () (at /Users/bokken/build/output/unity/unity/Editor/Mono/GameView/GameView.cs:1062)
UnityEditor.HostView:InvokeOnGUI (UnityEngine.Rect) (at /Users/bokken/build/output/unity/unity/Editor/Mono/HostView.cs:522)
UnityEditor.DockArea:DrawView (UnityEngine.Rect) (at /Users/bokken/build/output/unity/unity/Editor/Mono/GUI/DockArea.cs:411)
UnityEditor.DockArea:OldOnGUI () (at /Users/bokken/build/output/unity/unity/Editor/Mono/GUI/DockArea.cs:402)
UnityEngine.UIElements.IMGUIContainer:DoOnGUI (UnityEngine.Event,UnityEngine.Matrix4x4,UnityEngine.Rect,bool,UnityEngine.Rect,System.Action,bool) (at /Users/bokken/build/output/unity/unity/Modules/UIElements/Core/IMGUIContainer.cs:387)
UnityEngine.UIElements.IMGUIContainer:HandleIMGUIEvent (UnityEngine.Event,UnityEngine.Matrix4x4,UnityEngine.Rect,System.Action,bool) (at /Users/bokken/build/output/unity/unity/Modules/UIElements/Core/IMGUIContainer.cs:716)
UnityEngine.UIElements.IMGUIContainer:DoIMGUIRepaint () (at /Users/bokken/build/output/unity/unity/Modules/UIElements/Core/IMGUIContainer.cs:573)
UnityEngine.UIElements.UIR.RenderChainCommand:ExecuteNonDrawMesh (UnityEngine.UIElements.UIR.DrawParams,System.Exception&) (at /Users/bokken/build/output/unity/unity/Modules/UIElements/Core/Renderer/UIRenderer/UIRenderers.cs:186)
UnityEngine.UIElements.UIR.UIRenderDevice:EvaluateChain (UnityEngine.UIElements.UIR.RenderChainCommand,UnityEngine.Material,UnityEngine.Texture,UnityEngine.UIElements.UIR.ShaderInfoAllocator,System.Nullable`1<UnityEngine.Rect>,UnityEngine.Rect,single,bool,UnityEngine.UIElements.TextureSlotCount,bool,System.Exception&,UnityEngine.UIElements.BaseVisualElementPanel) (at /Users/bokken/build/output/unity/unity/Modules/UIElements/Core/Renderer/UIRenderer/UIRenderDevice.cs:983)
UnityEngine.UIElements.UIR.RenderTreeManager:RenderSingleTree (UnityEngine.UIElements.UIR.RenderTree,UnityEngine.RenderTexture,UnityEngine.RectInt,UnityEngine.Rect) (at /Users/bokken/build/output/unity/unity/Modules/UIElements/Core/Renderer/UIRRenderTreeManager.cs:604)
UnityEngine.UIElements.UIR.RenderTreeManager:RenderRootTree () (at /Users/bokken/build/output/unity/unity/Modules/UIElements/Core/Renderer/UIRRenderTreeManager.cs:549)
UnityEngine.UIElements.UIRRepaintUpdater:Render () (at /Users/bokken/build/output/unity/unity/Modules/UIElements/Core/Renderer/UIRRepaintUpdater.cs:160)
UnityEngine.UIElements.BaseVisualElementPanel:Render () (at /Users/bokken/build/output/unity/unity/Modules/UIElements/Core/Panel.cs:1040)
UnityEngine.UIElements.Panel:Render () (at /Users/bokken/build/output/unity/unity/Modules/UIElements/Core/Panel.cs:1851)
UnityEditor.UIElements.EditorEventDispatchUtility:DoDispatch (UnityEngine.UIElements.BaseVisualElementPanel,UnityEngine.Event) (at /Users/bokken/build/output/unity/unity/Modules/UIElementsEditor/EditorEventDispatchUtility.cs:62)
UnityEditor.UIElements.DefaultWindowBackend:ProcessEvent (UnityEngine.Event) (at /Users/bokken/build/output/unity/unity/Modules/UIElementsEditor/WindowBackends/DefaultWindowBackend.cs:114)
UnityEditor.GUIView:ProcessEvent (UnityEngine.EntityId,intptr,bool&) (at /Users/bokken/build/output/unity/unity/Editor/Mono/GUIView.cs:70)

[/Users/bokken/build/output/unity/unity/Runtime/Export/Scripting/StackTrace.cs line 23]

Mesh 'HK_MenuRidge_Sırt2': abnormal mesh bounds - most likely it has some invalid vertices (+/-inifinity or NANs) due to errors exporting.
Mesh bounds min=(-500.00, nan, 160.00), max=(500.00, nan, 250.00). Please make sure the mesh is exported without any errors.
UnityEngine.Debug:ExtractStackTraceNoAlloc (byte*,int,string)
UnityEngine.StackTraceUtility:ExtractStackTrace () (at /Users/bokken/build/output/unity/unity/Runtime/Export/Scripting/StackTrace.cs:23)
UnityEngine.Rendering.ScriptableRenderContext:Internal_Cull (UnityEngine.Rendering.ScriptableCullingParameters&,UnityEngine.Rendering.ScriptableRenderContext,intptr)
UnityEngine.Rendering.ScriptableRenderContext:Cull (UnityEngine.Rendering.ScriptableCullingParameters&) (at /Users/bokken/build/output/unity/unity/Runtime/Export/RenderPipeline/ScriptableRenderContext.cs:315)
UnityEngine.Rendering.Universal.UniversalRenderPipeline:RenderSingleCamera (UnityEngine.Rendering.ScriptableRenderContext,UnityEngine.Rendering.Universal.UniversalCameraData) (at ./Library/PackageCache/com.unity.render-pipelines.universal@b0678dfc9e21/Runtime/UniversalRenderPipeline.cs:1026)
UnityEngine.Rendering.Universal.UniversalRenderPipeline:RenderCameraStack (UnityEngine.Rendering.ScriptableRenderContext,UnityEngine.Camera,bool) (at ./Library/PackageCache/com.unity.render-pipelines.universal@b0678dfc9e21/Runtime/UniversalRenderPipeline.cs:1275)
UnityEngine.Rendering.Universal.UniversalRenderPipeline:Render (UnityEngine.Rendering.ScriptableRenderContext,System.Collections.Generic.List`1<UnityEngine.Camera>) (at ./Library/PackageCache/com.unity.render-pipelines.universal@b0678dfc9e21/Runtime/UniversalRenderPipeline.cs:629)
UnityEngine.Rendering.RenderPipeline:InternalRender (UnityEngine.Rendering.ScriptableRenderContext,System.Collections.Generic.List`1<UnityEngine.Camera>) (at /Users/bokken/build/output/unity/unity/Runtime/Export/RenderPipeline/RenderPipeline.cs:58)
UnityEngine.Rendering.RenderPipelineManager:DoRenderLoop_Internal (UnityEngine.Rendering.RenderPipelineAsset,intptr,object,Unity.Collections.LowLevel.Unsafe.AtomicSafetyHandle) (at /Users/bokken/build/output/unity/unity/Runtime/Export/RenderPipeline/RenderPipelineManager.cs:159)
UnityEditor.EditorGUIUtility:RenderPlayModeViewCamerasInternal (UnityEngine.RenderTexture,int,UnityEngine.Vector2,bool,bool)
UnityEditor.PlayModeView:RenderView (UnityEngine.Vector2,bool) (at /Users/bokken/build/output/unity/unity/Editor/Mono/PlayModeView/PlayModeView.cs:249)
UnityEditor.GameView:OnGUI () (at /Users/bokken/build/output/unity/unity/Editor/Mono/GameView/GameView.cs:1062)
UnityEditor.HostView:InvokeOnGUI (UnityEngine.Rect) (at /Users/bokken/build/output/unity/unity/Editor/Mono/HostView.cs:522)
UnityEditor.DockArea:DrawView (UnityEngine.Rect) (at /Users/bokken/build/output/unity/unity/Editor/Mono/GUI/DockArea.cs:411)
UnityEditor.DockArea:OldOnGUI () (at /Users/bokken/build/output/unity/unity/Editor/Mono/GUI/DockArea.cs:402)
UnityEngine.UIElements.IMGUIContainer:DoOnGUI (UnityEngine.Event,UnityEngine.Matrix4x4,UnityEngine.Rect,bool,UnityEngine.Rect,System.Action,bool) (at /Users/bokken/build/output/unity/unity/Modules/UIElements/Core/IMGUIContainer.cs:387)
UnityEngine.UIElements.IMGUIContainer:HandleIMGUIEvent (UnityEngine.Event,UnityEngine.Matrix4x4,UnityEngine.Rect,System.Action,bool) (at /Users/bokken/build/output/unity/unity/Modules/UIElements/Core/IMGUIContainer.cs:716)
UnityEngine.UIElements.IMGUIContainer:DoIMGUIRepaint () (at /Users/bokken/build/output/unity/unity/Modules/UIElements/Core/IMGUIContainer.cs:573)
UnityEngine.UIElements.UIR.RenderChainCommand:ExecuteNonDrawMesh (UnityEngine.UIElements.UIR.DrawParams,System.Exception&) (at /Users/bokken/build/output/unity/unity/Modules/UIElements/Core/Renderer/UIRenderer/UIRenderers.cs:186)
UnityEngine.UIElements.UIR.UIRenderDevice:EvaluateChain (UnityEngine.UIElements.UIR.RenderChainCommand,UnityEngine.Material,UnityEngine.Texture,UnityEngine.UIElements.UIR.ShaderInfoAllocator,System.Nullable`1<UnityEngine.Rect>,UnityEngine.Rect,single,bool,UnityEngine.UIElements.TextureSlotCount,bool,System.Exception&,UnityEngine.UIElements.BaseVisualElementPanel) (at /Users/bokken/build/output/unity/unity/Modules/UIElements/Core/Renderer/UIRenderer/UIRenderDevice.cs:983)
UnityEngine.UIElements.UIR.RenderTreeManager:RenderSingleTree (UnityEngine.UIElements.UIR.RenderTree,UnityEngine.RenderTexture,UnityEngine.RectInt,UnityEngine.Rect) (at /Users/bokken/build/output/unity/unity/Modules/UIElements/Core/Renderer/UIRRenderTreeManager.cs:604)
UnityEngine.UIElements.UIR.RenderTreeManager:RenderRootTree () (at /Users/bokken/build/output/unity/unity/Modules/UIElements/Core/Renderer/UIRRenderTreeManager.cs:549)
UnityEngine.UIElements.UIRRepaintUpdater:Render () (at /Users/bokken/build/output/unity/unity/Modules/UIElements/Core/Renderer/UIRRepaintUpdater.cs:160)
UnityEngine.UIElements.BaseVisualElementPanel:Render () (at /Users/bokken/build/output/unity/unity/Modules/UIElements/Core/Panel.cs:1040)
UnityEngine.UIElements.Panel:Render () (at /Users/bokken/build/output/unity/unity/Modules/UIElements/Core/Panel.cs:1851)
UnityEditor.UIElements.EditorEventDispatchUtility:DoDispatch (UnityEngine.UIElements.BaseVisualElementPanel,UnityEngine.Event) (at /Users/bokken/build/output/unity/unity/Modules/UIElementsEditor/EditorEventDispatchUtility.cs:62)
UnityEditor.UIElements.DefaultWindowBackend:ProcessEvent (UnityEngine.Event) (at /Users/bokken/build/output/unity/unity/Modules/UIElementsEditor/WindowBackends/DefaultWindowBackend.cs:114)
UnityEditor.GUIView:ProcessEvent (UnityEngine.EntityId,intptr,bool&) (at /Users/bokken/build/output/unity/unity/Editor/Mono/GUIView.cs:70)

[/Users/bokken/build/output/unity/unity/Runtime/Export/Scripting/StackTrace.cs line 23]

Mesh 'HK_MenuRidge_Sırt3': abnormal mesh bounds - most likely it has some invalid vertices (+/-inifinity or NANs) due to errors exporting.
Mesh bounds min=(-640.00, nan, 235.00), max=(640.00, nan, 345.00). Please make sure the mesh is exported without any errors.
UnityEngine.Debug:ExtractStackTraceNoAlloc (byte*,int,string)
UnityEngine.StackTraceUtility:ExtractStackTrace () (at /Users/bokken/build/output/unity/unity/Runtime/Export/Scripting/StackTrace.cs:23)
UnityEngine.Rendering.ScriptableRenderContext:Internal_Cull (UnityEngine.Rendering.ScriptableCullingParameters&,UnityEngine.Rendering.ScriptableRenderContext,intptr)
UnityEngine.Rendering.ScriptableRenderContext:Cull (UnityEngine.Rendering.ScriptableCullingParameters&) (at /Users/bokken/build/output/unity/unity/Runtime/Export/RenderPipeline/ScriptableRenderContext.cs:315)
UnityEngine.Rendering.Universal.UniversalRenderPipeline:RenderSingleCamera (UnityEngine.Rendering.ScriptableRenderContext,UnityEngine.Rendering.Universal.UniversalCameraData) (at ./Library/PackageCache/com.unity.render-pipelines.universal@b0678dfc9e21/Runtime/UniversalRenderPipeline.cs:1026)
UnityEngine.Rendering.Universal.UniversalRenderPipeline:RenderCameraStack (UnityEngine.Rendering.ScriptableRenderContext,UnityEngine.Camera,bool) (at ./Library/PackageCache/com.unity.render-pipelines.universal@b0678dfc9e21/Runtime/UniversalRenderPipeline.cs:1275)
UnityEngine.Rendering.Universal.UniversalRenderPipeline:Render (UnityEngine.Rendering.ScriptableRenderContext,System.Collections.Generic.List`1<UnityEngine.Camera>) (at ./Library/PackageCache/com.unity.render-pipelines.universal@b0678dfc9e21/Runtime/UniversalRenderPipeline.cs:629)
UnityEngine.Rendering.RenderPipeline:InternalRender (UnityEngine.Rendering.ScriptableRenderContext,System.Collections.Generic.List`1<UnityEngine.Camera>) (at /Users/bokken/build/output/unity/unity/Runtime/Export/RenderPipeline/RenderPipeline.cs:58)
UnityEngine.Rendering.RenderPipelineManager:DoRenderLoop_Internal (UnityEngine.Rendering.RenderPipelineAsset,intptr,object,Unity.Collections.LowLevel.Unsafe.AtomicSafetyHandle) (at /Users/bokken/build/output/unity/unity/Runtime/Export/RenderPipeline/RenderPipelineManager.cs:159)
UnityEditor.EditorGUIUtility:RenderPlayModeViewCamerasInternal (UnityEngine.RenderTexture,int,UnityEngine.Vector2,bool,bool)
UnityEditor.PlayModeView:RenderView (UnityEngine.Vector2,bool) (at /Users/bokken/build/output/unity/unity/Editor/Mono/PlayModeView/PlayModeView.cs:249)
UnityEditor.GameView:OnGUI () (at /Users/bokken/build/output/unity/unity/Editor/Mono/GameView/GameView.cs:1062)
UnityEditor.HostView:InvokeOnGUI (UnityEngine.Rect) (at /Users/bokken/build/output/unity/unity/Editor/Mono/HostView.cs:522)
UnityEditor.DockArea:DrawView (UnityEngine.Rect) (at /Users/bokken/build/output/unity/unity/Editor/Mono/GUI/DockArea.cs:411)
UnityEditor.DockArea:OldOnGUI () (at /Users/bokken/build/output/unity/unity/Editor/Mono/GUI/DockArea.cs:402)
UnityEngine.UIElements.IMGUIContainer:DoOnGUI (UnityEngine.Event,UnityEngine.Matrix4x4,UnityEngine.Rect,bool,UnityEngine.Rect,System.Action,bool) (at /Users/bokken/build/output/unity/unity/Modules/UIElements/Core/IMGUIContainer.cs:387)
UnityEngine.UIElements.IMGUIContainer:HandleIMGUIEvent (UnityEngine.Event,UnityEngine.Matrix4x4,UnityEngine.Rect,System.Action,bool) (at /Users/bokken/build/output/unity/unity/Modules/UIElements/Core/IMGUIContainer.cs:716)
UnityEngine.UIElements.IMGUIContainer:DoIMGUIRepaint () (at /Users/bokken/build/output/unity/unity/Modules/UIElements/Core/IMGUIContainer.cs:573)
UnityEngine.UIElements.UIR.RenderChainCommand:ExecuteNonDrawMesh (UnityEngine.UIElements.UIR.DrawParams,System.Exception&) (at /Users/bokken/build/output/unity/unity/Modules/UIElements/Core/Renderer/UIRenderer/UIRenderers.cs:186)
UnityEngine.UIElements.UIR.UIRenderDevice:EvaluateChain (UnityEngine.UIElements.UIR.RenderChainCommand,UnityEngine.Material,UnityEngine.Texture,UnityEngine.UIElements.UIR.ShaderInfoAllocator,System.Nullable`1<UnityEngine.Rect>,UnityEngine.Rect,single,bool,UnityEngine.UIElements.TextureSlotCount,bool,System.Exception&,UnityEngine.UIElements.BaseVisualElementPanel) (at /Users/bokken/build/output/unity/unity/Modules/UIElements/Core/Renderer/UIRenderer/UIRenderDevice.cs:983)
UnityEngine.UIElements.UIR.RenderTreeManager:RenderSingleTree (UnityEngine.UIElements.UIR.RenderTree,UnityEngine.RenderTexture,UnityEngine.RectInt,UnityEngine.Rect) (at /Users/bokken/build/output/unity/unity/Modules/UIElements/Core/Renderer/UIRRenderTreeManager.cs:604)
UnityEngine.UIElements.UIR.RenderTreeManager:RenderRootTree () (at /Users/bokken/build/output/unity/unity/Modules/UIElements/Core/Renderer/UIRRenderTreeManager.cs:549)
UnityEngine.UIElements.UIRRepaintUpdater:Render () (at /Users/bokken/build/output/unity/unity/Modules/UIElements/Core/Renderer/UIRRepaintUpdater.cs:160)
UnityEngine.UIElements.BaseVisualElementPanel:Render () (at /Users/bokken/build/output/unity/unity/Modules/UIElements/Core/Panel.cs:1040)
UnityEngine.UIElements.Panel:Render () (at /Users/bokken/build/output/unity/unity/Modules/UIElements/Core/Panel.cs:1851)
UnityEditor.UIElements.EditorEventDispatchUtility:DoDispatch (UnityEngine.UIElements.BaseVisualElementPanel,UnityEngine.Event) (at /Users/bokken/build/output/unity/unity/Modules/UIElementsEditor/EditorEventDispatchUtility.cs:62)
UnityEditor.UIElements.DefaultWindowBackend:ProcessEvent (UnityEngine.Event) (at /Users/bokken/build/output/unity/unity/Modules/UIElementsEditor/WindowBackends/DefaultWindowBackend.cs:114)
UnityEditor.GUIView:ProcessEvent (UnityEngine.EntityId,intptr,bool&) (at /Users/bokken/build/output/unity/unity/Editor/Mono/GUIView.cs:70)

[/Users/bokken/build/output/unity/unity/Runtime/Export/Scripting/StackTrace.cs line 23]

Mesh 'HK_MenuRidge_Sırt4': abnormal mesh bounds - most likely it has some invalid vertices (+/-inifinity or NANs) due to errors exporting.
Mesh bounds min=(-820.00, nan, 330.00), max=(820.00, nan, 470.00). Please make sure the mesh is exported without any errors.
UnityEngine.Debug:ExtractStackTraceNoAlloc (byte*,int,string)
UnityEngine.StackTraceUtility:ExtractStackTrace () (at /Users/bokken/build/output/unity/unity/Runtime/Export/Scripting/StackTrace.cs:23)
UnityEngine.Rendering.ScriptableRenderContext:Internal_Cull (UnityEngine.Rendering.ScriptableCullingParameters&,UnityEngine.Rendering.ScriptableRenderContext,intptr)
UnityEngine.Rendering.ScriptableRenderContext:Cull (UnityEngine.Rendering.ScriptableCullingParameters&) (at /Users/bokken/build/output/unity/unity/Runtime/Export/RenderPipeline/ScriptableRenderContext.cs:315)
UnityEngine.Rendering.Universal.UniversalRenderPipeline:RenderSingleCamera (UnityEngine.Rendering.ScriptableRenderContext,UnityEngine.Rendering.Universal.UniversalCameraData) (at ./Library/PackageCache/com.unity.render-pipelines.universal@b0678dfc9e21/Runtime/UniversalRenderPipeline.cs:1026)
UnityEngine.Rendering.Universal.UniversalRenderPipeline:RenderCameraStack (UnityEngine.Rendering.ScriptableRenderContext,UnityEngine.Camera,bool) (at ./Library/PackageCache/com.unity.render-pipelines.universal@b0678dfc9e21/Runtime/UniversalRenderPipeline.cs:1275)
UnityEngine.Rendering.Universal.UniversalRenderPipeline:Render (UnityEngine.Rendering.ScriptableRenderContext,System.Collections.Generic.List`1<UnityEngine.Camera>) (at ./Library/PackageCache/com.unity.render-pipelines.universal@b0678dfc9e21/Runtime/UniversalRenderPipeline.cs:629)
UnityEngine.Rendering.RenderPipeline:InternalRender (UnityEngine.Rendering.ScriptableRenderContext,System.Collections.Generic.List`1<UnityEngine.Camera>) (at /Users/bokken/build/output/unity/unity/Runtime/Export/RenderPipeline/RenderPipeline.cs:58)
UnityEngine.Rendering.RenderPipelineManager:DoRenderLoop_Internal (UnityEngine.Rendering.RenderPipelineAsset,intptr,object,Unity.Collections.LowLevel.Unsafe.AtomicSafetyHandle) (at /Users/bokken/build/output/unity/unity/Runtime/Export/RenderPipeline/RenderPipelineManager.cs:159)
UnityEditor.EditorGUIUtility:RenderPlayModeViewCamerasInternal (UnityEngine.RenderTexture,int,UnityEngine.Vector2,bool,bool)
UnityEditor.PlayModeView:RenderView (UnityEngine.Vector2,bool) (at /Users/bokken/build/output/unity/unity/Editor/Mono/PlayModeView/PlayModeView.cs:249)
UnityEditor.GameView:OnGUI () (at /Users/bokken/build/output/unity/unity/Editor/Mono/GameView/GameView.cs:1062)
UnityEditor.HostView:InvokeOnGUI (UnityEngine.Rect) (at /Users/bokken/build/output/unity/unity/Editor/Mono/HostView.cs:522)
UnityEditor.DockArea:DrawView (UnityEngine.Rect) (at /Users/bokken/build/output/unity/unity/Editor/Mono/GUI/DockArea.cs:411)
UnityEditor.DockArea:OldOnGUI () (at /Users/bokken/build/output/unity/unity/Editor/Mono/GUI/DockArea.cs:402)
UnityEngine.UIElements.IMGUIContainer:DoOnGUI (UnityEngine.Event,UnityEngine.Matrix4x4,UnityEngine.Rect,bool,UnityEngine.Rect,System.Action,bool) (at /Users/bokken/build/output/unity/unity/Modules/UIElements/Core/IMGUIContainer.cs:387)
UnityEngine.UIElements.IMGUIContainer:HandleIMGUIEvent (UnityEngine.Event,UnityEngine.Matrix4x4,UnityEngine.Rect,System.Action,bool) (at /Users/bokken/build/output/unity/unity/Modules/UIElements/Core/IMGUIContainer.cs:716)
UnityEngine.UIElements.IMGUIContainer:DoIMGUIRepaint () (at /Users/bokken/build/output/unity/unity/Modules/UIElements/Core/IMGUIContainer.cs:573)
UnityEngine.UIElements.UIR.RenderChainCommand:ExecuteNonDrawMesh (UnityEngine.UIElements.UIR.DrawParams,System.Exception&) (at /Users/bokken/build/output/unity/unity/Modules/UIElements/Core/Renderer/UIRenderer/UIRenderers.cs:186)
UnityEngine.UIElements.UIR.UIRenderDevice:EvaluateChain (UnityEngine.UIElements.UIR.RenderChainCommand,UnityEngine.Material,UnityEngine.Texture,UnityEngine.UIElements.UIR.ShaderInfoAllocator,System.Nullable`1<UnityEngine.Rect>,UnityEngine.Rect,single,bool,UnityEngine.UIElements.TextureSlotCount,bool,System.Exception&,UnityEngine.UIElements.BaseVisualElementPanel) (at /Users/bokken/build/output/unity/unity/Modules/UIElements/Core/Renderer/UIRenderer/UIRenderDevice.cs:983)
UnityEngine.UIElements.UIR.RenderTreeManager:RenderSingleTree (UnityEngine.UIElements.UIR.RenderTree,UnityEngine.RenderTexture,UnityEngine.RectInt,UnityEngine.Rect) (at /Users/bokken/build/output/unity/unity/Modules/UIElements/Core/Renderer/UIRRenderTreeManager.cs:604)
UnityEngine.UIElements.UIR.RenderTreeManager:RenderRootTree () (at /Users/bokken/build/output/unity/unity/Modules/UIElements/Core/Renderer/UIRRenderTreeManager.cs:549)
UnityEngine.UIElements.UIRRepaintUpdater:Render () (at /Users/bokken/build/output/unity/unity/Modules/UIElements/Core/Renderer/UIRRepaintUpdater.cs:160)
UnityEngine.UIElements.BaseVisualElementPanel:Render () (at /Users/bokken/build/output/unity/unity/Modules/UIElements/Core/Panel.cs:1040)
UnityEngine.UIElements.Panel:Render () (at /Users/bokken/build/output/unity/unity/Modules/UIElements/Core/Panel.cs:1851)
UnityEditor.UIElements.EditorEventDispatchUtility:DoDispatch (UnityEngine.UIElements.BaseVisualElementPanel,UnityEngine.Event) (at /Users/bokken/build/output/unity/unity/Modules/UIElementsEditor/EditorEventDispatchUtility.cs:62)
UnityEditor.UIElements.DefaultWindowBackend:ProcessEvent (UnityEngine.Event) (at /Users/bokken/build/output/unity/unity/Modules/UIElementsEditor/WindowBackends/DefaultWindowBackend.cs:114)
UnityEditor.GUIView:ProcessEvent (UnityEngine.EntityId,intptr,bool&) (at /Users/bokken/build/output/unity/unity/Editor/Mono/GUIView.cs:70)

[/Users/bokken/build/output/unity/unity/Runtime/Export/Scripting/StackTrace.cs line 23]

Launching external process: /Applications/Unity/Hub/Editor/6000.6.4f1/Unity.app/Contents/Helpers/UnityShaderCompiler
Launched and connected shader compiler UnityShaderCompiler after 0.03 seconds
Launching external process: /Applications/Unity/Hub/Editor/6000.6.4f1/Unity.app/Contents/Helpers/UnityShaderCompiler
[HAREKAT] SSR-lite: pürüzsüzlük alfası istenemedi (alan/özellik bulunamadı); ıslaklık sezgiseline düşülüyor.
UnityEngine.Debug:ExtractStackTraceNoAlloc (byte*,int,string)
UnityEngine.StackTraceUtility:ExtractStackTrace () (at /Users/bokken/build/output/unity/unity/Runtime/Export/Scripting/StackTrace.cs:23)
UnityEngine.DebugLogHandler:Internal_Log (UnityEngine.LogType,UnityEngine.LogOption,string,UnityEngine.Object)
UnityEngine.DebugLogHandler:LogFormat (UnityEngine.LogType,UnityEngine.Object,string,object[])
UnityEngine.Logger:Log (UnityEngine.LogType,object)
UnityEngine.Debug:LogWarning (object)
Project.Infrastructure.Rendering.Features.HarekatSsrLiteFeature:Fail (string) (at Assets/_Project/Scripts/Infrastructure/Rendering/Features/HarekatSsrLiteFeature.cs:114)
Project.Infrastructure.Rendering.Features.HarekatSsrLiteFeature:RequestSmoothnessInNormals (UnityEngine.Rendering.Universal.RenderingData&) (at Assets/_Project/Scripts/Infrastructure/Rendering/Features/HarekatSsrLiteFeature.cs:88)
Project.Infrastructure.Rendering.Features.HarekatSsrLiteFeature:AddRenderPasses (UnityEngine.Rendering.Universal.ScriptableRenderer,UnityEngine.Rendering.Universal.RenderingData&) (at Assets/_Project/Scripts/Infrastructure/Rendering/Features/HarekatSsrLiteFeature.cs:60)
UnityEngine.Rendering.Universal.ScriptableRenderer:AddRenderPasses (UnityEngine.Rendering.Universal.RenderingData&) (at ./Library/PackageCache/com.unity.render-pipelines.universal@b0678dfc9e21/Runtime/ScriptableRenderer.cs:1157)
UnityEngine.Rendering.Universal.UniversalRenderPipeline:RenderSingleCamera (UnityEngine.Rendering.ScriptableRenderContext,UnityEngine.Rendering.Universal.UniversalCameraData) (at ./Library/PackageCache/com.unity.render-pipelines.universal@b0678dfc9e21/Runtime/UniversalRenderPipeline.cs:1061)
UnityEngine.Rendering.Universal.UniversalRenderPipeline:RenderCameraStack (UnityEngine.Rendering.ScriptableRenderContext,UnityEngine.Camera,bool) (at ./Library/PackageCache/com.unity.render-pipelines.universal@b0678dfc9e21/Runtime/UniversalRenderPipeline.cs:1275)
UnityEngine.Rendering.Universal.UniversalRenderPipeline:Render (UnityEngine.Rendering.ScriptableRenderContext,System.Collections.Generic.List`1<UnityEngine.Camera>) (at ./Library/PackageCache/com.unity.render-pipelines.universal@b0678dfc9e21/Runtime/UniversalRenderPipeline.cs:629)
UnityEngine.Rendering.RenderPipeline:InternalRender (UnityEngine.Rendering.ScriptableRenderContext,System.Collections.Generic.List`1<UnityEngine.Camera>) (at /Users/bokken/build/output/unity/unity/Runtime/Export/RenderPipeline/RenderPipeline.cs:58)
UnityEngine.Rendering.RenderPipelineManager:DoRenderLoop_Internal (UnityEngine.Rendering.RenderPipelineAsset,intptr,object,Unity.Collections.LowLevel.Unsafe.AtomicSafetyHandle) (at /Users/bokken/build/output/unity/unity/Runtime/Export/RenderPipeline/RenderPipelineManager.cs:159)
UnityEditor.EditorGUIUtility:RenderPlayModeViewCamerasInternal (UnityEngine.RenderTexture,int,UnityEngine.Vector2,bool,bool)
UnityEditor.PlayModeView:RenderView (UnityEngine.Vector2,bool) (at /Users/bokken/build/output/unity/unity/Editor/Mono/PlayModeView/PlayModeView.cs:249)
UnityEditor.GameView:OnGUI () (at /Users/bokken/build/output/unity/unity/Editor/Mono/GameView/GameView.cs:1062)
UnityEditor.HostView:InvokeOnGUI (UnityEngine.Rect) (at /Users/bokken/build/output/unity/unity/Editor/Mono/HostView.cs:522)
UnityEditor.DockArea:DrawView (UnityEngine.Rect) (at /Users/bokken/build/output/unity/unity/Editor/Mono/GUI/DockArea.cs:411)
UnityEditor.DockArea:OldOnGUI () (at /Users/bokken/build/output/unity/unity/Editor/Mono/GUI/DockArea.cs:402)
UnityEngine.UIElements.IMGUIContainer:DoOnGUI (UnityEngine.Event,UnityEngine.Matrix4x4,UnityEngine.Rect,bool,UnityEngine.Rect,System.Action,bool) (at /Users/bokken/build/output/unity/unity/Modules/UIElements/Core/IMGUIContainer.cs:387)
UnityEngine.UIElements.IMGUIContainer:HandleIMGUIEvent (UnityEngine.Event,UnityEngine.Matrix4x4,UnityEngine.Rect,System.Action,bool) (at /Users/bokken/build/output/unity/unity/Modules/UIElements/Core/IMGUIContainer.cs:716)
UnityEngine.UIElements.IMGUIContainer:DoIMGUIRepaint () (at /Users/bokken/build/output/unity/unity/Modules/UIElements/Core/IMGUIContainer.cs:573)
UnityEngine.UIElements.UIR.RenderChainCommand:ExecuteNonDrawMesh (UnityEngine.UIElements.UIR.DrawParams,System.Exception&) (at /Users/bokken/build/output/unity/unity/Modules/UIElements/Core/Renderer/UIRenderer/UIRenderers.cs:186)
UnityEngine.UIElements.UIR.UIRenderDevice:EvaluateChain (UnityEngine.UIElements.UIR.RenderChainCommand,UnityEngine.Material,UnityEngine.Texture,UnityEngine.UIElements.UIR.ShaderInfoAllocator,System.Nullable`1<UnityEngine.Rect>,UnityEngine.Rect,single,bool,UnityEngine.UIElements.TextureSlotCount,bool,System.Exception&,UnityEngine.UIElements.BaseVisualElementPanel) (at /Users/bokken/build/output/unity/unity/Modules/UIElements/Core/Renderer/UIRenderer/UIRenderDevice.cs:983)
UnityEngine.UIElements.UIR.RenderTreeManager:RenderSingleTree (UnityEngine.UIElements.UIR.RenderTree,UnityEngine.RenderTexture,UnityEngine.RectInt,UnityEngine.Rect) (at /Users/bokken/build/output/unity/unity/Modules/UIElements/Core/Renderer/UIRRenderTreeManager.cs:604)
UnityEngine.UIElements.UIR.RenderTreeManager:RenderRootTree () (at /Users/bokken/build/output/unity/unity/Modules/UIElements/Core/Renderer/UIRRenderTreeManager.cs:549)
UnityEngine.UIElements.UIRRepaintUpdater:Render () (at /Users/bokken/build/output/unity/unity/Modules/UIElements/Core/Renderer/UIRRepaintUpdater.cs:160)
UnityEngine.UIElements.BaseVisualElementPanel:Render () (at /Users/bokken/build/output/unity/unity/Modules/UIElements/Core/Panel.cs:1040)
UnityEngine.UIElements.Panel:Render () (at /Users/bokken/build/output/unity/unity/Modules/UIElements/Core/Panel.cs:1851)
UnityEditor.UIElements.EditorEventDispatchUtility:DoDispatch (UnityEngine.UIElements.BaseVisualElementPanel,UnityEngine.Event) (at /Users/bokken/build/output/unity/unity/Modules/UIElementsEditor/EditorEventDispatchUtility.cs:62)
UnityEditor.UIElements.DefaultWindowBackend:ProcessEvent (UnityEngine.Event) (at /Users/bokken/build/output/unity/unity/Modules/UIElementsEditor/WindowBackends/DefaultWindowBackend.cs:114)
UnityEditor.GUIView:ProcessEvent (UnityEngine.EntityId,intptr,bool&) (at /Users/bokken/build/output/unity/unity/Editor/Mono/GUIView.cs:70)

(Filename: Assets/_Project/Scripts/Infrastructure/Rendering/Features/HarekatSsrLiteFeature.cs Line: 114)

Launched and connected shader compiler UnityShaderCompiler after 0.05 seconds
Launching external process: /Applications/Unity/Hub/Editor/6000.6.4f1/Unity.app/Contents/Helpers/UnityShaderCompiler
Launched and connected shader compiler UnityShaderCompiler after 0.02 seconds
Launching external process: /Applications/Unity/Hub/Editor/6000.6.4f1/Unity.app/Contents/Helpers/UnityShaderCompiler
Launching external process: /Applications/Unity/Hub/Editor/6000.6.4f1/Unity.app/Contents/Helpers/UnityShaderCompiler
Launching external process: /Applications/Unity/Hub/Editor/6000.6.4f1/Unity.app/Contents/Helpers/UnityShaderCompiler
Launched and connected shader compiler UnityShaderCompiler after 0.01 seconds
Launched and connected shader compiler UnityShaderCompiler after 0.01 seconds
Launched and connected shader compiler UnityShaderCompiler after 0.02 seconds
Start Indexing on Editor startup
[Indexing] Starting Initial Indexing for Assets
2026-10-06 04:20:27.515 Unity[2466:1585472] [Warning] TouchGestureResponder was not found in the responder chain during removal.
2026-10-06 04:20:27.516 Unity[2466:1585472] [Warning] TouchGestureResponder was not found in the responder chain during removal.
2026-10-06 04:20:27.516 Unity[2466:1585472] [Warning] TouchGestureResponder was not found in the responder chain during removal.
2026-10-06 04:20:27.516 Unity[2466:1585472] [Warning] TouchGestureResponder was not found in the responder chain during removal.
2026-10-06 04:20:27.520 Unity[2466:1585472] [Warning] TouchGestureResponder was not found in the responder chain during removal.
Created GICache directory at /Users/f2gomac/Library/Caches/com.unity3d.UnityEditor/GiCache. Took: 0.011s, timestamps: [11.237 - 11.247]
Curl error 7: Failed to connect to localhost port 5081 after 177 ms: Error
[Diagnostics] client-errors HTTP: 0 Cannot connect to destination host
UnityEngine.Debug:ExtractStackTraceNoAlloc (byte*,int,string)
UnityEngine.StackTraceUtility:ExtractStackTrace () (at /Users/bokken/build/output/unity/unity/Runtime/Export/Scripting/StackTrace.cs:23)
UnityEngine.DebugLogHandler:Internal_Log (UnityEngine.LogType,UnityEngine.LogOption,string,UnityEngine.Object)
UnityEngine.DebugLogHandler:LogFormat (UnityEngine.LogType,UnityEngine.Object,string,object[])
UnityEngine.Logger:Log (UnityEngine.LogType,object)
UnityEngine.Debug:LogWarning (object)
Project.Infrastructure.Diagnostics.ClientErrorReporter/<>c__DisplayClass7_0:<PostAsync>b__0 (UnityEngine.AsyncOperation) (at Assets/_Project/Scripts/Infrastructure/Diagnostics/ClientErrorReporter.cs:85)
UnityEngine.AsyncOperation:InvokeCompletionEvent () (at /Users/bokken/build/output/unity/unity/Runtime/Export/Scripting/AsyncOperation.cs:24)

(Filename: Assets/_Project/Scripts/Infrastructure/Diagnostics/ClientErrorReporter.cs Line: 85)

[Licensing::Client] Successfully resolved entitlement details
[Licensing::Client] Successfully resolved entitlement details
[Licensing::Client] Successfully resolved entitlement details
